Archive member included because of file (symbol)

c:/winavr-20100110/bin/../lib/gcc/avr/4.3.3/avr4\libgcc.a(_exit.o)
                              c:/winavr-20100110/bin/../lib/gcc/avr/4.3.3/../../../../avr/lib/avr4/crtm8.o (exit)
c:/winavr-20100110/bin/../lib/gcc/avr/4.3.3/avr4\libgcc.a(_copy_data.o)
                              C:\Users\Dmytro\AppData\Local\Temp/ccaM4GN3.o (__do_copy_data)
c:/winavr-20100110/bin/../lib/gcc/avr/4.3.3/avr4\libgcc.a(_clear_bss.o)
                              C:\Users\Dmytro\AppData\Local\Temp/ccaM4GN3.o (__do_clear_bss)

Allocating common symbols
Common symbol       size              file

clunetSendingCurrentByte
                    0x1               C:\Users\Dmytro\AppData\Local\Temp/ccaM4GN3.o
clunetSendingDataLength
                    0x1               C:\Users\Dmytro\AppData\Local\Temp/ccaM4GN3.o
clunetCurrentPrio   0x1               C:\Users\Dmytro\AppData\Local\Temp/ccaM4GN3.o
dataToSend          0x80              C:\Users\Dmytro\AppData\Local\Temp/ccaM4GN3.o
clunetReadingCurrentByte
                    0x1               C:\Users\Dmytro\AppData\Local\Temp/ccaM4GN3.o
dataToRead          0x80              C:\Users\Dmytro\AppData\Local\Temp/ccaM4GN3.o
clunetSendingCurrentBit
                    0x1               C:\Users\Dmytro\AppData\Local\Temp/ccaM4GN3.o
clunetReadingCurrentBit
                    0x1               C:\Users\Dmytro\AppData\Local\Temp/ccaM4GN3.o

Memory Configuration

Name             Origin             Length             Attributes
text             0x00000000         0x00002000         xr
data             0x00800060         0x0000ffa0         rw !x
eeprom           0x00810000         0x00010000         rw !x
fuse             0x00820000         0x00000400         rw !x
lock             0x00830000         0x00000400         rw !x
signature        0x00840000         0x00000400         rw !x
*default*        0x00000000         0xffffffff

Linker script and memory map

LOAD c:/winavr-20100110/bin/../lib/gcc/avr/4.3.3/../../../../avr/lib/avr4/crtm8.o
LOAD clunet-demo.o
LOAD C:\Users\Dmytro\AppData\Local\Temp/ccaM4GN3.o
LOAD c:/winavr-20100110/bin/../lib/gcc/avr/4.3.3/avr4\libgcc.a
LOAD c:/winavr-20100110/bin/../lib/gcc/avr/4.3.3/../../../../avr/lib/avr4\libc.a
LOAD c:/winavr-20100110/bin/../lib/gcc/avr/4.3.3/avr4\libgcc.a

.hash
 *(.hash)

.dynsym
 *(.dynsym)

.dynstr
 *(.dynstr)

.gnu.version
 *(.gnu.version)

.gnu.version_d
 *(.gnu.version_d)

.gnu.version_r
 *(.gnu.version_r)

.rel.init
 *(.rel.init)

.rela.init
 *(.rela.init)

.rel.text
 *(.rel.text)
 *(.rel.text.*)
 *(.rel.gnu.linkonce.t*)

.rela.text
 *(.rela.text)
 *(.rela.text.*)
 *(.rela.gnu.linkonce.t*)

.rel.fini
 *(.rel.fini)

.rela.fini
 *(.rela.fini)

.rel.rodata
 *(.rel.rodata)
 *(.rel.rodata.*)
 *(.rel.gnu.linkonce.r*)

.rela.rodata
 *(.rela.rodata)
 *(.rela.rodata.*)
 *(.rela.gnu.linkonce.r*)

.rel.data
 *(.rel.data)
 *(.rel.data.*)
 *(.rel.gnu.linkonce.d*)

.rela.data
 *(.rela.data)
 *(.rela.data.*)
 *(.rela.gnu.linkonce.d*)

.rel.ctors
 *(.rel.ctors)

.rela.ctors
 *(.rela.ctors)

.rel.dtors
 *(.rel.dtors)

.rela.dtors
 *(.rela.dtors)

.rel.got
 *(.rel.got)

.rela.got
 *(.rela.got)

.rel.bss
 *(.rel.bss)

.rela.bss
 *(.rela.bss)

.rel.plt
 *(.rel.plt)

.rela.plt
 *(.rela.plt)

.text           0x00000000      0x5b2
 *(.vectors)
 .vectors       0x00000000       0x26 c:/winavr-20100110/bin/../lib/gcc/avr/4.3.3/../../../../avr/lib/avr4/crtm8.o
                0x00000000                __vectors
                0x00000000                __vector_default
 *(.vectors)
 *(.progmem.gcc*)
 *(.progmem*)
                0x00000026                . = ALIGN (0x2)
                0x00000026                __trampolines_start = .
 *(.trampolines)
 .trampolines   0x00000026        0x0 linker stubs
 *(.trampolines*)
                0x00000026                __trampolines_end = .
 *(.jumptables)
 *(.jumptables*)
 *(.lowtext)
 *(.lowtext*)
                0x00000026                __ctors_start = .
 *(.ctors)
                0x00000026                __ctors_end = .
                0x00000026                __dtors_start = .
 *(.dtors)
                0x00000026                __dtors_end = .
 SORT(*)(.ctors)
 SORT(*)(.dtors)
 *(.init0)
 .init0         0x00000026        0x0 c:/winavr-20100110/bin/../lib/gcc/avr/4.3.3/../../../../avr/lib/avr4/crtm8.o
                0x00000026                __init
 *(.init0)
 *(.init1)
 *(.init1)
 *(.init2)
 .init2         0x00000026        0xc c:/winavr-20100110/bin/../lib/gcc/avr/4.3.3/../../../../avr/lib/avr4/crtm8.o
 *(.init2)
 *(.init3)
 *(.init3)
 *(.init4)
 .init4         0x00000032       0x16 c:/winavr-20100110/bin/../lib/gcc/avr/4.3.3/avr4\libgcc.a(_copy_data.o)
                0x00000032                __do_copy_data
 .init4         0x00000048       0x10 c:/winavr-20100110/bin/../lib/gcc/avr/4.3.3/avr4\libgcc.a(_clear_bss.o)
                0x00000048                __do_clear_bss
 *(.init4)
 *(.init5)
 *(.init5)
 *(.init6)
 *(.init6)
 *(.init7)
 *(.init7)
 *(.init8)
 *(.init8)
 *(.init9)
 .init9         0x00000058        0x4 c:/winavr-20100110/bin/../lib/gcc/avr/4.3.3/../../../../avr/lib/avr4/crtm8.o
 *(.init9)
 *(.text)
 .text          0x0000005c        0x2 c:/winavr-20100110/bin/../lib/gcc/avr/4.3.3/../../../../avr/lib/avr4/crtm8.o
                0x0000005c                __vector_12
                0x0000005c                __bad_interrupt
                0x0000005c                __vector_6
                0x0000005c                __vector_11
                0x0000005c                __vector_13
                0x0000005c                __vector_17
                0x0000005c                __vector_7
                0x0000005c                __vector_5
                0x0000005c                __vector_4
                0x0000005c                __vector_9
                0x0000005c                __vector_2
                0x0000005c                __vector_15
                0x0000005c                __vector_8
                0x0000005c                __vector_14
                0x0000005c                __vector_10
                0x0000005c                __vector_16
                0x0000005c                __vector_18
 .text          0x0000005e       0x2e clunet-demo.o
                0x00000060                main
                0x0000005e                data_received
 .text          0x0000008c      0x522 C:\Users\Dmytro\AppData\Local\Temp/ccaM4GN3.o
                0x0000029c                __vector_1
                0x0000058c                clunet_ready_to_send
                0x0000059a                clunet_set_on_data_received
                0x0000008c                __vector_3
                0x000005a4                clunet_set_on_data_received_sniff
                0x00000532                clunet_init
                0x000001c4                clunet_send
 .text          0x000005ae        0x0 c:/winavr-20100110/bin/../lib/gcc/avr/4.3.3/avr4\libgcc.a(_exit.o)
 .text          0x000005ae        0x0 c:/winavr-20100110/bin/../lib/gcc/avr/4.3.3/avr4\libgcc.a(_copy_data.o)
 .text          0x000005ae        0x0 c:/winavr-20100110/bin/../lib/gcc/avr/4.3.3/avr4\libgcc.a(_clear_bss.o)
                0x000005ae                . = ALIGN (0x2)
 *(.text.*)
 .text.libgcc   0x000005ae        0x0 c:/winavr-20100110/bin/../lib/gcc/avr/4.3.3/avr4\libgcc.a(_exit.o)
 .text.libgcc   0x000005ae        0x0 c:/winavr-20100110/bin/../lib/gcc/avr/4.3.3/avr4\libgcc.a(_copy_data.o)
 .text.libgcc   0x000005ae        0x0 c:/winavr-20100110/bin/../lib/gcc/avr/4.3.3/avr4\libgcc.a(_clear_bss.o)
                0x000005ae                . = ALIGN (0x2)
 *(.fini9)
 .fini9         0x000005ae        0x0 c:/winavr-20100110/bin/../lib/gcc/avr/4.3.3/avr4\libgcc.a(_exit.o)
                0x000005ae                exit
                0x000005ae                _exit
 *(.fini9)
 *(.fini8)
 *(.fini8)
 *(.fini7)
 *(.fini7)
 *(.fini6)
 *(.fini6)
 *(.fini5)
 *(.fini5)
 *(.fini4)
 *(.fini4)
 *(.fini3)
 *(.fini3)
 *(.fini2)
 *(.fini2)
 *(.fini1)
 *(.fini1)
 *(.fini0)
 .fini0         0x000005ae        0x4 c:/winavr-20100110/bin/../lib/gcc/avr/4.3.3/avr4\libgcc.a(_exit.o)
 *(.fini0)
                0x000005b2                _etext = .

.data           0x00800060        0xe load address 0x000005b2
                0x00800060                PROVIDE (__data_start, .)
 *(.data)
 .data          0x00800060        0x0 c:/winavr-20100110/bin/../lib/gcc/avr/4.3.3/../../../../avr/lib/avr4/crtm8.o
 .data          0x00800060        0x0 clunet-demo.o
 .data          0x00800060        0xe C:\Users\Dmytro\AppData\Local\Temp/ccaM4GN3.o
 .data          0x0080006e        0x0 c:/winavr-20100110/bin/../lib/gcc/avr/4.3.3/avr4\libgcc.a(_exit.o)
 .data          0x0080006e        0x0 c:/winavr-20100110/bin/../lib/gcc/avr/4.3.3/avr4\libgcc.a(_copy_data.o)
 .data          0x0080006e        0x0 c:/winavr-20100110/bin/../lib/gcc/avr/4.3.3/avr4\libgcc.a(_clear_bss.o)
 *(.data*)
 *(.rodata)
 *(.rodata*)
 *(.gnu.linkonce.d*)
                0x0080006e                . = ALIGN (0x2)
                0x0080006e                _edata = .
                0x0080006e                PROVIDE (__data_end, .)

.bss            0x0080006e      0x10d
                0x0080006e                PROVIDE (__bss_start, .)
 *(.bss)
 .bss           0x0080006e        0x0 c:/winavr-20100110/bin/../lib/gcc/avr/4.3.3/../../../../avr/lib/avr4/crtm8.o
 .bss           0x0080006e        0x0 clunet-demo.o
 .bss           0x0080006e        0x7 C:\Users\Dmytro\AppData\Local\Temp/ccaM4GN3.o
                0x0080006e                on_data_received
                0x00800072                clunetSendingState
                0x00800073                clunetReadingState
                0x00800074                clunetTimerStart
                0x00800070                on_data_received_sniff
 .bss           0x00800075        0x0 c:/winavr-20100110/bin/../lib/gcc/avr/4.3.3/avr4\libgcc.a(_exit.o)
 .bss           0x00800075        0x0 c:/winavr-20100110/bin/../lib/gcc/avr/4.3.3/avr4\libgcc.a(_copy_data.o)
 .bss           0x00800075        0x0 c:/winavr-20100110/bin/../lib/gcc/avr/4.3.3/avr4\libgcc.a(_clear_bss.o)
 *(.bss*)
 *(COMMON)
 COMMON         0x00800075      0x106 C:\Users\Dmytro\AppData\Local\Temp/ccaM4GN3.o
                0x00800075                clunetSendingCurrentByte
                0x00800076                clunetSendingDataLength
                0x00800077                clunetCurrentPrio
                0x00800078                dataToSend
                0x008000f8                clunetReadingCurrentByte
                0x008000f9                dataToRead
                0x00800179                clunetSendingCurrentBit
                0x0080017a                clunetReadingCurrentBit
                0x0080017b                PROVIDE (__bss_end, .)
                0x000005b2                __data_load_start = LOADADDR (.data)
                0x000005c0                __data_load_end = (__data_load_start + SIZEOF (.data))

.noinit         0x0080017b        0x0
                0x0080017b                PROVIDE (__noinit_start, .)
 *(.noinit*)
                0x0080017b                PROVIDE (__noinit_end, .)
                0x0080017b                _end = .
                0x0080017b                PROVIDE (__heap_start, .)

.eeprom         0x00810000        0x0
 *(.eeprom*)
                0x00810000                __eeprom_end = .

.fuse
 *(.fuse)
 *(.lfuse)
 *(.hfuse)
 *(.efuse)

.lock
 *(.lock*)

.signature
 *(.signature*)

.stab
 *(.stab)

.stabstr
 *(.stabstr)

.stab.excl
 *(.stab.excl)

.stab.exclstr
 *(.stab.exclstr)

.stab.index
 *(.stab.index)

.stab.indexstr
 *(.stab.indexstr)

.comment
 *(.comment)

.debug
 *(.debug)

.line
 *(.line)

.debug_srcinfo
 *(.debug_srcinfo)

.debug_sfnames
 *(.debug_sfnames)

.debug_aranges  0x00000000       0x40
 *(.debug_aranges)
 .debug_aranges
                0x00000000       0x20 clunet-demo.o
 .debug_aranges
                0x00000020       0x20 C:\Users\Dmytro\AppData\Local\Temp/ccaM4GN3.o

.debug_pubnames
                0x00000000      0x211
 *(.debug_pubnames)
 .debug_pubnames
                0x00000000       0x2d clunet-demo.o
 .debug_pubnames
                0x0000002d      0x1e4 C:\Users\Dmytro\AppData\Local\Temp/ccaM4GN3.o

.debug_info     0x00000000      0x601
 *(.debug_info)
 .debug_info    0x00000000      0x104 clunet-demo.o
 .debug_info    0x00000104      0x4fd C:\Users\Dmytro\AppData\Local\Temp/ccaM4GN3.o
 *(.gnu.linkonce.wi.*)

.debug_abbrev   0x00000000      0x279
 *(.debug_abbrev)
 .debug_abbrev  0x00000000       0x83 clunet-demo.o
 .debug_abbrev  0x00000083      0x1f6 C:\Users\Dmytro\AppData\Local\Temp/ccaM4GN3.o

.debug_line     0x00000000      0x59a
 *(.debug_line)
 .debug_line    0x00000000       0x91 clunet-demo.o
 .debug_line    0x00000091      0x509 C:\Users\Dmytro\AppData\Local\Temp/ccaM4GN3.o

.debug_frame    0x00000000       0xb0
 *(.debug_frame)
 .debug_frame   0x00000000       0x30 clunet-demo.o
 .debug_frame   0x00000030       0x80 C:\Users\Dmytro\AppData\Local\Temp/ccaM4GN3.o

.debug_str      0x00000000      0x26a
 *(.debug_str)
 .debug_str     0x00000000       0xac clunet-demo.o
                                 0xf3 (size before relaxing)
 .debug_str     0x000000ac      0x1be C:\Users\Dmytro\AppData\Local\Temp/ccaM4GN3.o
                                0x2b9 (size before relaxing)

.debug_loc      0x00000000      0x2c6
 *(.debug_loc)
 .debug_loc     0x00000000      0x2c6 C:\Users\Dmytro\AppData\Local\Temp/ccaM4GN3.o

.debug_macinfo
 *(.debug_macinfo)
OUTPUT(clunet-demo.elf elf32-avr)
LOAD linker stubs

.debug_ranges   0x00000000       0x90
 .debug_ranges  0x00000000       0x90 C:\Users\Dmytro\AppData\Local\Temp/ccaM4GN3.o
